// Jest Snapshot v1, https://goo.gl/fbAQLP

exports[`Loader testing: is Loader rendered 1`] = `
<div>
  <img
    alt="#"
    src="test-file-stub"
  />
</div>
`;
