// Jest Snapshot v1, https://goo.gl/fbAQLP

exports[`Paginator testing: is Paginator rendered 1`] = `
<div>
  <div>
    <div
      key="1"
    >
      <Btn
        arg={1}
        arg2={1}
        btnStyle="pageNumberChecked"
        btnText={1}
      />
      <Btn
        arg={1}
        arg2={1}
        btnStyle="pageNumber"
        btnText="..."
      />
    </div>
    <div
      key="2"
    >
      <Btn
        arg={2}
        arg2={1}
        btnStyle="pageNumber"
        btnText={2}
      />
      <Btn
        arg={2}
        arg2={1}
        btnStyle="pageNumber"
        btnText="..."
      />
    </div>
    <div
      key="3"
    >
      <Btn
        arg={3}
        arg2={1}
        btnStyle="pageNumber"
        btnText={3}
      />
      <Btn
        arg={3}
        arg2={1}
        btnStyle="pageNumber"
        btnText="..."
      />
    </div>
    <div
      key="4"
    >
      <Btn
        arg={4}
        arg2={2}
        btnStyle="pageNumber"
        btnText={4}
      />
      <Btn
        arg={4}
        arg2={2}
        btnStyle="pageNumber"
        btnText="..."
      />
    </div>
    <div
      key="5"
    >
      <Btn
        arg={5}
        arg2={2}
        btnStyle="pageNumber"
        btnText={5}
      />
      <Btn
        arg={5}
        arg2={2}
        btnStyle="pageNumber"
        btnText="..."
      />
    </div>
  </div>
  <Btn
    btnStyle="pageNumber"
    icon="test-file-stub"
  />
  <Btn
    btnStyle="buttonNext"
    icon="test-file-stub"
  />
</div>
`;
